Fibonacci numbers
Fib      0 
	=     1 
---
Fib      1 
	=     1 
---
Fib      2 
	=     2 
---
Fib      3 
	=     3 
---
Fib      4 
	=     5 
---
Fib      5 
	=     8 
---
Fib      6 
	=    13 
---
Fib      7 
	=    21 
---
Fib      8 
	=    34 
---
Fib      9 
	=    55 
---
Fib     10 
	=    89 
---
Fib     11 
	=   144 
---
Fib     12 
	=   233 
---
